main.cpp:51:6:void init_i2c()	32	static
main.cpp:76:6:void i2c_start()	8	static
main.cpp:90:6:void i2c_stop()	8	static
main.cpp:98:6:void i2c_address_direction(uint8_t, uint8_t)	16	static
main.cpp:117:10:void i2c_transmit(uint8_t)	16	static
main.cpp:127:13:uint8_t i2c_receive_ack()	8	static
main.cpp:139:13:uint8_t i2c_receive_nack()	8	static
main.cpp:151:10:void i2c_write(uint8_t, uint8_t, bool)	16	static
main.cpp:161:10:void i2c_read(uint8_t, uint8_t*)	16	static
main.cpp:169:5:int main()	16	static
main.cpp:223:17:void EVAL_AUDIO_TransferComplete_CallBack(uint32_t, uint32_t)	16	static
main.cpp:232:21:uint16_t EVAL_AUDIO_GetSampleCallBack()	4	static
